============================================================
Job info
============================================================
Host: g01.hpc.nesi.org.nz
Job ID: 6635678
Partition: genoa
CUDA_VISIBLE_DEVICES=0,1
Python: /nesi/project/uoa04758/xzha593/envs/hralign/bin/python
CONDA_PREFIX=/nesi/project/uoa04758/xzha593/envs/hralign
Wed May 27 01:55:43 2026       
+-----------------------------------------------------------------------------------------+
| NVIDIA-SMI 580.82.07              Driver Version: 580.82.07      CUDA Version: 13.0     |
+-----------------------------------------+------------------------+----------------------+
| GPU  Name                 Persistence-M | Bus-Id          Disp.A | Volatile Uncorr. ECC |
| Fan  Temp   Perf          Pwr:Usage/Cap |           Memory-Usage | GPU-Util  Compute M. |
|                                         |                        |               MIG M. |
|=========================================+========================+======================|
|   0  NVIDIA A100-PCIE-40GB          Off |   00000000:82:00.0 Off |                    0 |
| N/A   36C    P0             48W /  250W |       0MiB /  40960MiB |      0%      Default |
|                                         |                        |             Disabled |
+-----------------------------------------+------------------------+----------------------+
|   1  NVIDIA A100-PCIE-40GB          Off |   00000000:E3:00.0 Off |                    0 |
| N/A   35C    P0             43W /  250W |       0MiB /  40960MiB |      0%      Default |
|                                         |                        |             Disabled |
+-----------------------------------------+------------------------+----------------------+

+-----------------------------------------------------------------------------------------+
| Processes:                                                                              |
|  GPU   GI   CI              PID   Type   Process name                        GPU Memory |
|        ID   ID                                                               Usage      |
|=========================================================================================|
|  No running processes found                                                             |
+-----------------------------------------------------------------------------------------+
============================================================
Sanity check
============================================================
torch: 2.4.1
torch cuda: 12.1
cuda available: True
device count: 2
0 NVIDIA A100-PCIE-40GB (8, 0)
1 NVIDIA A100-PCIE-40GB (8, 0)
pyrep OK
rlbench OK
point_renderer._C OK
point_renderer.ops OK
pytorch3d.ops OK
bitsandbytes: 0.49.2
============================================================
Start training
============================================================
Running DDP on rank 1.
[Info] data_folder is not set; using existing replay only. Replay root: /nesi/nobackup/uoa04758/xzha593/datasets/HRAlign/train_data/replay_train
Training on 18 tasks: ['put_item_in_drawer', 'reach_and_drag', 'turn_tap', 'slide_block_to_color_target', 'open_drawer', 'put_groceries_in_cupboard', 'place_shape_in_shape_sorter', 'put_money_in_safe', 'push_buttons', 'close_jar', 'stack_blocks', 'place_cups', 'place_wine_at_rack_location', 'light_bulb_in', 'sweep_to_dustpan_of_size', 'insert_onto_square_peg', 'meat_off_grill', 'stack_cups']
Running DDP on rank 0.
dict(exp_cfg)={'agent': 'our', 'tasks': 'all', 'exp_id': 'rvt', 'resume': '', 'depth': 1, 'stage_one_depth': 8, 'stage_two_depth': 1, 'attn_dim': 512, 'model': 'MVT_Resnet', 'adapter': [], 'ds_rate': 1.0, 'output_dim': 512, 'pretrain': '/nesi/nobackup/uoa04758/xzha593/datasets/HRAlign/pretrains/UnadaptedR3M.pt', 'overwriter_log_dir': '/nesi/nobackup/uoa04758/xzha593/datasets/HRAlign/runs/UnadaptedR3M2RLBench_rvt2_bs6_lr1.25e-5', 'data_folder': None, 'train_replay_storage_dir': '/nesi/nobackup/uoa04758/xzha593/datasets/HRAlign/train_data/replay_train', 'test_replay_storage_dir': None, 'num_train': 100, 'num_val': None, 'train_iterations': None, 'stage_two': True, 'rot_ver': 1, 'rot_x_y_aug': None, 'feat_ver': 1, 'use_point_renderer': None, 'cvx_up': True, 'bs': 6, 'epochs': 5, 'num_workers': 3, 'sample_distribution_mode': 'task_uniform', 'train_iter': 160000, 'peract': CfgNode({'lambda_weight_l2': 0.0001, 'lr': 0.00015000000000000001, 'optimizer_type': 'lamb', 'warmup_steps': 2000, 'lr_cos_dec': True, 'add_rgc_loss': True, 'num_rotation_classes': 72, 'amp': True, 'bnb': True, 'transform_augmentation': True, 'transform_augmentation_xyz': [0.125, 0.125, 0.125], 'transform_augmentation_rpy': [0.0, 0.0, 45.0]}), 'rvt': CfgNode({'gt_hm_sigma': 1.5, 'img_aug': 0.0, 'place_with_mean': False, 'move_pc_in_bound': True}), 'peract_official': CfgNode({'cfg_path': 'configs/peract_official_config.yaml'})}
[Info] data_folder is not set; using existing replay only. Replay root: /nesi/nobackup/uoa04758/xzha593/datasets/HRAlign/train_data/replay_train
Training on 18 tasks: ['put_item_in_drawer', 'reach_and_drag', 'turn_tap', 'slide_block_to_color_target', 'open_drawer', 'put_groceries_in_cupboard', 'place_shape_in_shape_sorter', 'put_money_in_safe', 'push_buttons', 'close_jar', 'stack_blocks', 'place_cups', 'place_wine_at_rack_location', 'light_bulb_in', 'sweep_to_dustpan_of_size', 'insert_onto_square_peg', 'meat_off_grill', 'stack_cups']
[Info] Replay dataset already exists in the disk: /nesi/nobackup/uoa04758/xzha593/datasets/HRAlign/train_data/replay_train/put_item_in_drawer
[Info] Replay dataset already exists in the disk: /nesi/nobackup/uoa04758/xzha593/datasets/HRAlign/train_data/replay_train/put_item_in_drawer
[Info] Replay dataset already exists in the disk: /nesi/nobackup/uoa04758/xzha593/datasets/HRAlign/train_data/replay_train/reach_and_drag
[Info] Replay dataset already exists in the disk: /nesi/nobackup/uoa04758/xzha593/datasets/HRAlign/train_data/replay_train/reach_and_drag
[Info] Replay dataset already exists in the disk: /nesi/nobackup/uoa04758/xzha593/datasets/HRAlign/train_data/replay_train/turn_tap
[Info] Replay dataset already exists in the disk: /nesi/nobackup/uoa04758/xzha593/datasets/HRAlign/train_data/replay_train/slide_block_to_color_target
[Info] Replay dataset already exists in the disk: /nesi/nobackup/uoa04758/xzha593/datasets/HRAlign/train_data/replay_train/turn_tap
[Info] Replay dataset already exists in the disk: /nesi/nobackup/uoa04758/xzha593/datasets/HRAlign/train_data/replay_train/slide_block_to_color_target
[Info] Replay dataset already exists in the disk: /nesi/nobackup/uoa04758/xzha593/datasets/HRAlign/train_data/replay_train/open_drawer
[Info] Replay dataset already exists in the disk: /nesi/nobackup/uoa04758/xzha593/datasets/HRAlign/train_data/replay_train/put_groceries_in_cupboard
[Info] Replay dataset already exists in the disk: /nesi/nobackup/uoa04758/xzha593/datasets/HRAlign/train_data/replay_train/open_drawer
[Info] Replay dataset already exists in the disk: /nesi/nobackup/uoa04758/xzha593/datasets/HRAlign/train_data/replay_train/put_groceries_in_cupboard
[Info] Replay dataset already exists in the disk: /nesi/nobackup/uoa04758/xzha593/datasets/HRAlign/train_data/replay_train/place_shape_in_shape_sorter
[Info] Replay dataset already exists in the disk: /nesi/nobackup/uoa04758/xzha593/datasets/HRAlign/train_data/replay_train/place_shape_in_shape_sorter
[Info] Replay dataset already exists in the disk: /nesi/nobackup/uoa04758/xzha593/datasets/HRAlign/train_data/replay_train/put_money_in_safe
[Info] Replay dataset already exists in the disk: /nesi/nobackup/uoa04758/xzha593/datasets/HRAlign/train_data/replay_train/put_money_in_safe
[Info] Replay dataset already exists in the disk: /nesi/nobackup/uoa04758/xzha593/datasets/HRAlign/train_data/replay_train/push_buttons
[Info] Replay dataset already exists in the disk: /nesi/nobackup/uoa04758/xzha593/datasets/HRAlign/train_data/replay_train/push_buttons
[Info] Replay dataset already exists in the disk: /nesi/nobackup/uoa04758/xzha593/datasets/HRAlign/train_data/replay_train/close_jar
[Info] Replay dataset already exists in the disk: /nesi/nobackup/uoa04758/xzha593/datasets/HRAlign/train_data/replay_train/close_jar
[Info] Replay dataset already exists in the disk: /nesi/nobackup/uoa04758/xzha593/datasets/HRAlign/train_data/replay_train/stack_blocks
[Info] Replay dataset already exists in the disk: /nesi/nobackup/uoa04758/xzha593/datasets/HRAlign/train_data/replay_train/stack_blocks
[Info] Replay dataset already exists in the disk: /nesi/nobackup/uoa04758/xzha593/datasets/HRAlign/train_data/replay_train/place_cups
[Info] Replay dataset already exists in the disk: /nesi/nobackup/uoa04758/xzha593/datasets/HRAlign/train_data/replay_train/place_cups
[Info] Replay dataset already exists in the disk: /nesi/nobackup/uoa04758/xzha593/datasets/HRAlign/train_data/replay_train/place_wine_at_rack_location
[Info] Replay dataset already exists in the disk: /nesi/nobackup/uoa04758/xzha593/datasets/HRAlign/train_data/replay_train/place_wine_at_rack_location
[Info] Replay dataset already exists in the disk: /nesi/nobackup/uoa04758/xzha593/datasets/HRAlign/train_data/replay_train/light_bulb_in
[Info] Replay dataset already exists in the disk: /nesi/nobackup/uoa04758/xzha593/datasets/HRAlign/train_data/replay_train/light_bulb_in
[Info] Replay dataset already exists in the disk: /nesi/nobackup/uoa04758/xzha593/datasets/HRAlign/train_data/replay_train/sweep_to_dustpan_of_size
[Info] Replay dataset already exists in the disk: /nesi/nobackup/uoa04758/xzha593/datasets/HRAlign/train_data/replay_train/sweep_to_dustpan_of_size
[Info] Replay dataset already exists in the disk: /nesi/nobackup/uoa04758/xzha593/datasets/HRAlign/train_data/replay_train/insert_onto_square_peg
[Info] Replay dataset already exists in the disk: /nesi/nobackup/uoa04758/xzha593/datasets/HRAlign/train_data/replay_train/insert_onto_square_peg
[Info] Replay dataset already exists in the disk: /nesi/nobackup/uoa04758/xzha593/datasets/HRAlign/train_data/replay_train/meat_off_grill[Info] Replay dataset already exists in the disk: /nesi/nobackup/uoa04758/xzha593/datasets/HRAlign/train_data/replay_train/meat_off_grill

[Info] Replay dataset already exists in the disk: /nesi/nobackup/uoa04758/xzha593/datasets/HRAlign/train_data/replay_train/stack_cups
[Info] Replay dataset already exists in the disk: /nesi/nobackup/uoa04758/xzha593/datasets/HRAlign/train_data/replay_train/stack_cups
Created Dataset. Time Cost: 0.05235940217971802 minutes
Created Dataset. Time Cost: 0.05229038794835408 minutes
WARNING: when three_views=True or two_views=False -- no_down=True no_top=False add_3p=False does not matter.
WARNING: when three_views=True or two_views=False -- no_down=True no_top=False add_3p=False does not matter.
MVT Vars: {'training': True, '_parameters': OrderedDict(), '_buffers': OrderedDict(), '_non_persistent_buffers_set': set(), '_backward_pre_hooks': OrderedDict(), '_backward_hooks': OrderedDict(), '_is_full_backward_hook': None, '_forward_hooks': OrderedDict(), '_forward_hooks_with_kwargs': OrderedDict(), '_forward_hooks_always_called': OrderedDict(), '_forward_pre_hooks': OrderedDict(), '_forward_pre_hooks_with_kwargs': OrderedDict(), '_state_dict_hooks': OrderedDict(), '_state_dict_pre_hooks': OrderedDict(), '_load_state_dict_pre_hooks': OrderedDict(), '_load_state_dict_post_hooks': OrderedDict(), '_modules': OrderedDict(), 'depth': 8, 'img_feat_dim': 3, 'img_size': 224, 'add_proprio': True, 'proprio_dim': 4, 'add_lang': True, 'lang_dim': 512, 'lang_len': 77, 'im_channels': 64, 'img_patch_size': 14, 'final_dim': 64, 'attn_dropout': 0.1, 'decoder_dropout': 0.0, 'self_cross_ver': 1, 'add_corr': True, 'norm_corr': True, 'add_pixel_loc': True, 'add_depth': True, 'pe_fix': True, 'feat_ver': 1, 'wpt_img_aug': 0.0, 'inp_pre_pro': False, 'inp_pre_con': False, 'cvx_up': True, 'use_point_renderer': True, 'rot_ver': 1, 'num_rot': 72, 'no_feat': True}
MVT Vars: {'training': True, '_parameters': OrderedDict(), '_buffers': OrderedDict(), '_non_persistent_buffers_set': set(), '_backward_pre_hooks': OrderedDict(), '_backward_hooks': OrderedDict(), '_is_full_backward_hook': None, '_forward_hooks': OrderedDict(), '_forward_hooks_with_kwargs': OrderedDict(), '_forward_hooks_always_called': OrderedDict(), '_forward_pre_hooks': OrderedDict(), '_forward_pre_hooks_with_kwargs': OrderedDict(), '_state_dict_hooks': OrderedDict(), '_state_dict_pre_hooks': OrderedDict(), '_load_state_dict_pre_hooks': OrderedDict(), '_load_state_dict_post_hooks': OrderedDict(), '_modules': OrderedDict(), 'depth': 8, 'img_feat_dim': 3, 'img_size': 224, 'add_proprio': True, 'proprio_dim': 4, 'add_lang': True, 'lang_dim': 512, 'lang_len': 77, 'im_channels': 64, 'img_patch_size': 14, 'final_dim': 64, 'attn_dropout': 0.1, 'decoder_dropout': 0.0, 'self_cross_ver': 1, 'add_corr': True, 'norm_corr': True, 'add_pixel_loc': True, 'add_depth': True, 'pe_fix': True, 'feat_ver': 1, 'wpt_img_aug': 0.0, 'inp_pre_pro': False, 'inp_pre_con': False, 'cvx_up': True, 'use_point_renderer': True, 'rot_ver': 1, 'num_rot': 72, 'no_feat': True}
MVT_Resnet: depth=1, img_size=224, patch=14, attn_dim=512, ds_rate=1.0, adapter=[], xops=True, feat_ver=1, rot_ver=1, cvx_up=True, point_renderer=True, pretrain=/nesi/nobackup/uoa04758/xzha593/datasets/HRAlign/pretrains/UnadaptedR3M.pt
MVT_Resnet: depth=1, img_size=224, patch=14, attn_dim=512, ds_rate=1.0, adapter=[], xops=True, feat_ver=1, rot_ver=1, cvx_up=True, point_renderer=True, pretrain=/nesi/nobackup/uoa04758/xzha593/datasets/HRAlign/pretrains/UnadaptedR3M.pt
MVT: stage_one_depth=8, stage_two_depth=1, model=MVT_Resnet
MVT: stage_one_depth=8, stage_two_depth=1, model=MVT_Resnet
Manually loading network weights from /nesi/nobackup/uoa04758/xzha593/datasets/HRAlign/pretrains/UnadaptedR3M.pt.
Manually loading network weights from /nesi/nobackup/uoa04758/xzha593/datasets/HRAlign/pretrains/UnadaptedR3M.pt.
not used: 0,0; not load:192; model:510; pretrain:318
current network weights not loaded (first 20): ['mvt1.pos_encoding', 'mvt1.proprio_preprocess.linear.weight', 'mvt1.proprio_preprocess.linear.bias', 'mvt1.proprio_preprocess.norm.weight', 'mvt1.proprio_preprocess.norm.bias', 'mvt1.patchify.conv2d.weight', 'mvt1.patchify.conv2d.bias', 'mvt1.patchify.norm.weight', 'mvt1.patchify.norm.bias', 'mvt1.lang_preprocess.linear.weight', 'mvt1.lang_preprocess.linear.bias', 'mvt1.lang_preprocess.norm.weight', 'mvt1.lang_preprocess.norm.bias', 'mvt1.fc_bef_attn.linear.weight', 'mvt1.fc_bef_attn.linear.bias', 'mvt1.fc_aft_attn.linear.weight', 'mvt1.fc_aft_attn.linear.bias', 'mvt1.layers.0.0.fn.to_q.weight', 'mvt1.layers.0.0.fn.to_kv.weight', 'mvt1.layers.0.0.fn.to_out.weight']
not used: 0,0; not load:192; model:510; pretrain:318
current network weights not loaded (first 20): ['mvt1.pos_encoding', 'mvt1.proprio_preprocess.linear.weight', 'mvt1.proprio_preprocess.linear.bias', 'mvt1.proprio_preprocess.norm.weight', 'mvt1.proprio_preprocess.norm.bias', 'mvt1.patchify.conv2d.weight', 'mvt1.patchify.conv2d.bias', 'mvt1.patchify.norm.weight', 'mvt1.patchify.norm.bias', 'mvt1.lang_preprocess.linear.weight', 'mvt1.lang_preprocess.linear.bias', 'mvt1.lang_preprocess.norm.weight', 'mvt1.lang_preprocess.norm.bias', 'mvt1.fc_bef_attn.linear.weight', 'mvt1.fc_bef_attn.linear.bias', 'mvt1.fc_aft_attn.linear.weight', 'mvt1.fc_aft_attn.linear.bias', 'mvt1.layers.0.0.fn.to_q.weight', 'mvt1.layers.0.0.fn.to_kv.weight', 'mvt1.layers.0.0.fn.to_out.weight']
matched keys: 318
missing keys: 191; first 20: ['mvt1.pos_encoding', 'mvt1.proprio_preprocess.linear.weight', 'mvt1.proprio_preprocess.linear.bias', 'mvt1.proprio_preprocess.norm.weight', 'mvt1.proprio_preprocess.norm.bias', 'mvt1.patchify.conv2d.weight', 'mvt1.patchify.conv2d.bias', 'mvt1.patchify.norm.weight', 'mvt1.patchify.norm.bias', 'mvt1.lang_preprocess.linear.weight', 'mvt1.lang_preprocess.linear.bias', 'mvt1.lang_preprocess.norm.weight', 'mvt1.lang_preprocess.norm.bias', 'mvt1.fc_bef_attn.linear.weight', 'mvt1.fc_bef_attn.linear.bias', 'mvt1.fc_aft_attn.linear.weight', 'mvt1.fc_aft_attn.linear.bias', 'mvt1.layers.0.0.fn.to_q.weight', 'mvt1.layers.0.0.fn.to_kv.weight', 'mvt1.layers.0.0.fn.to_out.weight']
unexpected keys: 0; first 20: []
matched keys: 318
missing keys: 191; first 20: ['mvt1.pos_encoding', 'mvt1.proprio_preprocess.linear.weight', 'mvt1.proprio_preprocess.linear.bias', 'mvt1.proprio_preprocess.norm.weight', 'mvt1.proprio_preprocess.norm.bias', 'mvt1.patchify.conv2d.weight', 'mvt1.patchify.conv2d.bias', 'mvt1.patchify.norm.weight', 'mvt1.patchify.norm.bias', 'mvt1.lang_preprocess.linear.weight', 'mvt1.lang_preprocess.linear.bias', 'mvt1.lang_preprocess.norm.weight', 'mvt1.lang_preprocess.norm.bias', 'mvt1.fc_bef_attn.linear.weight', 'mvt1.fc_bef_attn.linear.bias', 'mvt1.fc_aft_attn.linear.weight', 'mvt1.fc_aft_attn.linear.bias', 'mvt1.layers.0.0.fn.to_q.weight', 'mvt1.layers.0.0.fn.to_kv.weight', 'mvt1.layers.0.0.fn.to_out.weight']
unexpected keys: 0; first 20: []
Using 8-Bit Optimizer
Using 8-Bit Optimizer
Start training ...
Rank [1], Epoch [0]: Training on train dataset
Start training ...
Rank [0], Epoch [0]: Training on train dataset
{'collision_loss': np.float64(0.517276844045381),
 'grip_loss': np.float64(0.5064571444045946),
 'lr': np.float64(0.00013579042197341674),
 'rot_loss_x': np.float64(0.6452468695348711),
 'rot_loss_y': np.float64(0.4168824592066405),
 'rot_loss_z': np.float64(3.7353895454514743),
 'total_loss': np.float64(15.14041676940094),
 'trans_loss': np.float64(9.319163861550457)}
Rank [1], Epoch [1]: Training on train dataset
Rank [0], Epoch [1]: Training on train dataset
{'collision_loss': np.float64(0.4789789612744827),
 'grip_loss': np.float64(0.43884963975742136),
 'lr': np.float64(0.0001240757660623698),
 'rot_loss_x': np.float64(0.31950535055198026),
 'rot_loss_y': np.float64(0.11242218161664531),
 'rot_loss_z': np.float64(3.5602592625031813),
 'total_loss': np.float64(14.092260393405779),
 'trans_loss': np.float64(9.18224496361482)}
Rank [1], Epoch [2]: Training on train dataset
Rank [0], Epoch [2]: Training on train dataset
{'collision_loss': np.float64(0.4724302274457675),
 'grip_loss': np.float64(0.40422146372451245),
 'lr': np.float64(8.267436221839528e-05),
 'rot_loss_x': np.float64(0.3121963763367711),
 'rot_loss_y': np.float64(0.10871400423435684),
 'rot_loss_z': np.float64(3.5361917275941837),
 'total_loss': np.float64(13.991884866515775),
 'trans_loss': np.float64(9.158131033358726)}
Rank [1], Epoch [3]: Training on train dataset
Rank [0], Epoch [3]: Training on train dataset
{'collision_loss': np.float64(0.4668647733484231),
 'grip_loss': np.float64(0.39894775372748503),
 'lr': np.float64(3.8629462228426086e-05),
 'rot_loss_x': np.float64(0.3081780843925344),
 'rot_loss_y': np.float64(0.10761779495844243),
 'rot_loss_z': np.float64(3.5141474896304152),
 'total_loss': np.float64(13.940055637163635),
 'trans_loss': np.float64(9.1442996929692)}
Rank [1], Epoch [4]: Training on train dataset
Rank [0], Epoch [4]: Training on train dataset
{'collision_loss': np.float64(0.46361706362748606),
 'grip_loss': np.float64(0.3961696698884111),
 'lr': np.float64(8.755818292500834e-06),
 'rot_loss_x': np.float64(0.3092267968595471),
 'rot_loss_y': np.float64(0.10514827076086505),
 'rot_loss_z': np.float64(3.5064206023034927),
 'total_loss': np.float64(13.91451112011462),
 'trans_loss': np.float64(9.133928681693108)}
[Finish]
